// Jest Snapshot v1, https://goo.gl/fbAQLP

exports[`<AddBook /> should match snapshot 1`] = `[Function]`;
