// Jest Snapshot v1, https://goo.gl/fbAQLP

exports[`<AddGoogleBook /> should match snapshot 1`] = `[Function]`;
