// Jest Snapshot v1, https://goo.gl/fbAQLP

exports[`<Home /> should match snapshot 1`] = `[Function]`;

exports[`<Navbar /> should match snapshot 1`] = `[Function]`;
