// Jest Snapshot v1, https://goo.gl/fbAQLP

exports[`<NavbarTwo /> should match snapshot 1`] = `[Function]`;
