// Jest Snapshot v1, https://goo.gl/fbAQLP

exports[`<Book /> should render book  1`] = `
"<ForwardRef(Card) sx={{...}} style={{...}}>
  <ForwardRef(CardHeader) avatar={{...}} title=\\"Probability Basics\\" subheader=\\"Michael Biden\\" />
  <ForwardRef(CardMedia) component=\\"img\\" sx={{...}} height=\\"194\\" image=\\"http://books.google.com/books/content?id=3yq_oQEACAAJ&printsec=frontcover&img=1&zoom=5&source=gbs_api\\" alt=\\"Paella dish\\" />
  <ForwardRef(CardContent)>
    <ForwardRef(Typography) variant=\\"h6\\" color=\\"text.secondary\\" align=\\"justify\\" style={{...}}>
      Price: â‚¹
      1000
      .00
    </ForwardRef(Typography)>
    <ForwardRef(Typography) variant=\\"h6\\" color=\\"text.secondary\\" align=\\"justify\\" style={{...}}>
      Copies Available: 
      8
    </ForwardRef(Typography)>
  </ForwardRef(CardContent)>
  <ForwardRef(CardActions) disableSpacing={true}>
    <ManualEditBook details={{...}} />
    <DeleteBook details=\\"1\\" />
  </ForwardRef(CardActions)>
</ForwardRef(Card)>"
`;

exports[`<DeleteBook /> should render book  1`] = `
"<div>
  <ForwardRef(IconButton) className=\\"icon\\" onClick={[Function: handleClickOpen]}>
    <Memo(ForwardRef(DeleteIcon)) />
  </ForwardRef(IconButton)>
  <ForwardRef(Dialog) open={false} onClose={[Function: handleClose]} aria-labelledby=\\"responsive-dialog-title\\">
    <ForwardRef(DialogTitle) id=\\"responsive-dialog-title\\">
      Are you sure to delete the book?
    </ForwardRef(DialogTitle)>
    <ForwardRef(DialogActions)>
      <ForwardRef(Button) onClick={[Function: handleClose]}>
        No
      </ForwardRef(Button)>
      <ForwardRef(Button) onClick={[Function: handleDelete]} autoFocus={true}>
        Yes
      </ForwardRef(Button)>
    </ForwardRef(DialogActions)>
  </ForwardRef(Dialog)>
</div>"
`;
