// Jest Snapshot v1, https://goo.gl/fbAQLP

exports[`<SearchInventory /> should render book  1`] = `
"<center>
  <div style={{...}}>
    <ForwardRef(Button) className=\\"clickButton\\" onClick={[Function: handleClickOpen]} variant=\\"contained\\" color=\\"info\\">
      Add Book using Form
    </ForwardRef(Button)>
    <ForwardRef(Dialog) open={false} onClose={[Function: handleClose]}>
      <ForwardRef(DialogTitle)>
         Add Book using Form
      </ForwardRef(DialogTitle)>
      <ForwardRef(DialogContent)>
        <ForwardRef(TextField) autoFocus={true} margin=\\"dense\\" id=\\"title\\" label=\\"Title\\" fullWidth={true} variant=\\"standard\\" value=\\"\\" onChange={[Function: handleChange]} />
        <ForwardRef(TextField) autoFocus={true} margin=\\"dense\\" id=\\"thumbnail\\" label=\\"Thumbnail Link\\" fullWidth={true} variant=\\"standard\\" value=\\"\\" onChange={[Function: handleChange]} />
        <ForwardRef(TextField) autoFocus={true} margin=\\"dense\\" id=\\"authors\\" label=\\"Authors\\" fullWidth={true} variant=\\"standard\\" value=\\"\\" onChange={[Function: handleChange]} />
        <ForwardRef(TextField) autoFocus={true} margin=\\"dense\\" id=\\"price\\" label=\\"Price\\" type=\\"number\\" fullWidth={true} variant=\\"standard\\" value=\\"\\" onChange={[Function: handleChange]} />
        <ForwardRef(TextField) autoFocus={true} margin=\\"dense\\" id=\\"quantity\\" label=\\"Quantity\\" fullWidth={true} type=\\"number\\" variant=\\"standard\\" value=\\"\\" onChange={[Function: handleChange]} />
        <ForwardRef(TextField) autoFocus={true} margin=\\"dense\\" id=\\"description\\" label=\\"Description\\" fullWidth={true} variant=\\"standard\\" value=\\"\\" onChange={[Function: handleChange]} />
      </ForwardRef(DialogContent)>
      <ForwardRef(DialogActions)>
        <ForwardRef(Button) onClick={[Function: handleClose]}>
          Cancel
        </ForwardRef(Button)>
        <ForwardRef(Button) onClick={[Function: handleAddBook]}>
          Add Book
        </ForwardRef(Button)>
      </ForwardRef(DialogActions)>
    </ForwardRef(Dialog)>
  </div>
</center>"
`;
